// Jest Snapshot v1, https://goo.gl/fbAQLP

exports[`renders correctly 1`] = `
<View
  accessibilityComponentType={undefined}
  accessibilityLabel={undefined}
  accessibilityTraits={undefined}
  accessible={true}
  collapsable={undefined}
  hitSlop={undefined}
  isTVSelectable={true}
  nativeID={undefined}
  onLayout={undefined}
  onResponderGrant={[Function]}
  onResponderMove={[Function]}
  onResponderRelease={[Function]}
  onResponderTerminate={[Function]}
  onResponderTerminationRequest={[Function]}
  onStartShouldSetResponder={[Function]}
  style={
    Object {
      "opacity": 1,
    }
  }
  testID={undefined}
  tvParallaxProperties={undefined}
>
  <View
    style={
      Array [
        Object {
          "backgroundColor": "white",
          "borderRadius": 2,
          "elevation": 1,
          "flexDirection": "row",
          "justifyContent": "space-between",
          "marginBottom": 0,
          "marginLeft": 10,
          "marginRight": 10,
          "marginTop": 6,
          "paddingBottom": 10,
          "paddingLeft": 8,
          "paddingRight": 8,
          "paddingTop": 10,
        },
      ]
    }
  >
    <View
      style={
        Object {
          "flex": 1,
          "flexDirection": "column",
        }
      }
    >
      <Text
        accessible={true}
        allowFontScaling={true}
        ellipsizeMode="tail"
        numberOfLines={undefined}
        style={
          Object {
            "flex": 0,
            "fontWeight": "bold",
            "includeFontPadding": false,
            "marginRight": 8,
            "textAlignVertical": "top",
          }
        }
      >
        title
      </Text>
      <Text
        accessible={true}
        allowFontScaling={true}
        ellipsizeMode="tail"
        numberOfLines={undefined}
        style={
          Object {
            "color": "#6B6B6B",
            "flex": 0,
            "fontSize": 12,
            "includeFontPadding": false,
            "textAlignVertical": "bottom",
          }
        }
      >
        detail
      </Text>
    </View>
  </View>
</View>
`;
