// Jest Snapshot v1, https://goo.gl/fbAQLP

exports[`renders correctly 1`] = `
<View
  style={
    Array [
      undefined,
      undefined,
    ]
  }
>
  <ActivityIndicator
    animating={true}
    color="#999999"
    hidesWhenStopped={true}
    size="small"
  />
</View>
`;

exports[`renders correctly 2`] = `
<View
  style={
    Array [
      Object {
        "backgroundColor": "#EEE",
        "flex": 1,
        "flexDirection": "column",
        "justifyContent": "flex-start",
      },
    ]
  }
>
  <Modal
    hardwareAccelerated={false}
    onRequestClose={[Function]}
    transparent={true}
    visible={false}
  >
    <View
      style={
        Object {
          "alignItems": "center",
          "flex": 1,
        }
      }
    >
      <View
        style={
          Object {
            "backgroundColor": "rgba(0, 0, 0, 0.8)",
            "bottom": 0,
            "left": 0,
            "position": "absolute",
            "right": 0,
            "top": 0,
          }
        }
      />
      <View
        style={
          Array [
            Object {
              "backgroundColor": "white",
              "borderRadius": 5,
              "borderWidth": 1,
              "elevation": 5,
              "marginTop": 150,
              "overflow": "hidden",
              "width": 300,
            },
            Object {
              "borderColor": "#ccc",
            },
            Object {},
          ]
        }
      >
        <View
          style={
            Array [
              Object {
                "borderBottomWidth": 1,
                "paddingHorizontal": 15,
                "paddingVertical": 10,
              },
              Object {
                "borderColor": "#ccc",
              },
            ]
          }
        >
          <Text
            accessible={true}
            allowFontScaling={true}
            ellipsizeMode="tail"
            style={
              Array [
                Object {
                  "fontSize": 18,
                  "fontWeight": "600",
                },
                Object {},
              ]
            }
          >
            Change Display Name
          </Text>
        </View>
        <View
          style={
            Object {
              "paddingHorizontal": 10,
            }
          }
        >
          <TextInput
            allowFontScaling={true}
            autoFocus={true}
            defaultValue="displayName"
            onChangeText={[Function]}
            placeholder="displayName"
            style={
              Array [
                Object {
                  "fontSize": 18,
                  "height": 50,
                },
                Object {},
              ]
            }
            underlineColorAndroid="white"
          />
        </View>
        <View
          style={
            Array [
              Object {
                "borderTopWidth": 1,
                "flexDirection": "row",
              },
              Object {
                "borderColor": "#ccc",
              },
            ]
          }
        >
          <View
            accessibilityComponentType={undefined}
            accessibilityLabel={undefined}
            accessibilityTraits={undefined}
            accessible={true}
            hitSlop={undefined}
            nativeID={undefined}
            onLayout={undefined}
            onResponderGrant={[Function]}
            onResponderMove={[Function]}
            onResponderRelease={[Function]}
            onResponderTerminate={[Function]}
            onResponderTerminationRequest={[Function]}
            onStartShouldSetResponder={[Function]}
            style={
              Array [
                Object {
                  "flex": 1,
                  "padding": 15,
                },
                Object {},
                Object {},
              ]
            }
            testID={undefined}
          >
            <Text
              accessible={true}
              allowFontScaling={true}
              ellipsizeMode="tail"
              style={
                Array [
                  Object {
                    "color": "#006dbf",
                    "fontSize": 18,
                    "textAlign": "center",
                  },
                  Object {},
                  Object {},
                ]
              }
            >
              Cancel
            </Text>
          </View>
          <View
            accessibilityComponentType={undefined}
            accessibilityLabel={undefined}
            accessibilityTraits={undefined}
            accessible={true}
            hitSlop={undefined}
            nativeID={undefined}
            onLayout={undefined}
            onResponderGrant={[Function]}
            onResponderMove={[Function]}
            onResponderRelease={[Function]}
            onResponderTerminate={[Function]}
            onResponderTerminationRequest={[Function]}
            onStartShouldSetResponder={[Function]}
            style={
              Array [
                Object {
                  "flex": 1,
                  "padding": 15,
                },
                Object {},
                Object {},
              ]
            }
            testID={undefined}
          >
            <Text
              accessible={true}
              allowFontScaling={true}
              ellipsizeMode="tail"
              style={
                Array [
                  Object {
                    "color": "#006dbf",
                    "fontSize": 18,
                    "textAlign": "center",
                  },
                  Object {},
                  Object {},
                ]
              }
            >
              OK
            </Text>
          </View>
        </View>
      </View>
    </View>
  </Modal>
  <View
    style={
      Object {
        "backgroundColor": "#c6c0c0",
        "paddingHorizontal": 16,
        "paddingLeft": 16,
        "paddingVertical": 8,
      }
    }
  >
    <View
      style={
        Object {
          "alignItems": "center",
          "backgroundColor": "#dbdbdb",
          "flexDirection": "row",
          "paddingRight": 0,
          "paddingVertical": 8,
        }
      }
    >
      <View
        style={
          Object {
            "paddingHorizontal": 10,
          }
        }
      >
        <Image
          source={
            Object {
              "uri": "https://www.gravatar.com/avatar/0c83f57c786a0b4a39efab23731c7ebc?d=mm",
            }
          }
          style={
            Object {
              "borderRadius": 5,
              "height": 50,
              "paddingHorizontal": 10,
              "width": 50,
            }
          }
        />
      </View>
      <Text
        accessible={true}
        allowFontScaling={true}
        ellipsizeMode="tail"
        onPress={[Function]}
        style={
          Object {
            "color": "#777",
            "flex": 1,
            "fontSize": 26,
          }
        }
      >
        displayName
      </Text>
    </View>
  </View>
  <Text
    accessible={true}
    allowFontScaling={true}
    ellipsizeMode="tail"
    style={
      Object {
        "backgroundColor": "#dbdbdb",
        "color": "#000000",
        "fontSize": 16,
        "paddingBottom": 2,
        "paddingHorizontal": 8,
        "paddingTop": 5,
      }
    }
  >
    User Name
  </Text>
  <Text
    accessible={true}
    allowFontScaling={true}
    ellipsizeMode="tail"
    style={
      Object {
        "borderBottomWidth": 1,
        "borderColor": "#777",
        "borderTopWidth": 1,
        "fontSize": 14,
        "paddingBottom": 2,
        "paddingHorizontal": 8,
        "paddingTop": 5,
      }
    }
  >
    username
  </Text>
  <Text
    accessible={true}
    allowFontScaling={true}
    ellipsizeMode="tail"
    style={
      Object {
        "backgroundColor": "#dbdbdb",
        "color": "#000000",
        "fontSize": 16,
        "paddingBottom": 2,
        "paddingHorizontal": 8,
        "paddingTop": 5,
      }
    }
  >
    Email Address
  </Text>
  <Text
    accessible={true}
    allowFontScaling={true}
    ellipsizeMode="tail"
    style={
      Object {
        "borderBottomWidth": 1,
        "borderColor": "#777",
        "borderTopWidth": 1,
        "fontSize": 14,
        "paddingBottom": 2,
        "paddingHorizontal": 8,
        "paddingTop": 5,
      }
    }
  >
    email
  </Text>
  <Text
    accessible={true}
    allowFontScaling={true}
    ellipsizeMode="tail"
    style={
      Object {
        "backgroundColor": "#dbdbdb",
        "color": "#000000",
        "fontSize": 16,
        "paddingBottom": 2,
        "paddingHorizontal": 8,
        "paddingTop": 5,
      }
    }
  >
    Tags
  </Text>
  <Text
    accessible={true}
    allowFontScaling={true}
    ellipsizeMode="tail"
    style={
      Object {
        "borderBottomWidth": 1,
        "borderColor": "#777",
        "borderTopWidth": 1,
        "fontSize": 14,
        "paddingBottom": 2,
        "paddingHorizontal": 8,
        "paddingTop": 5,
      }
    }
  >
    tag1, tag2
  </Text>
</View>
`;
