// Jest Snapshot v1, https://goo.gl/fbAQLP

exports[`renders correctly 1`] = `
<View>
  <View
    style={
      Object {
        "alignItems": "center",
        "backgroundColor": "black",
        "borderRadius": 50,
        "flex": 1,
        "height": 30,
        "justifyContent": "center",
        "width": 30,
      }
    }
  >
    <Text
      accessible={true}
      allowFontScaling={false}
      ellipsizeMode="tail"
      style={
        Array [
          Object {
            "color": "white",
            "fontSize": 20,
          },
          Object {
            "includeFontPadding": false,
            "textAlign": "center",
            "textAlignVertical": "center",
          },
          Object {
            "fontFamily": "FontAwesome",
            "fontStyle": "normal",
            "fontWeight": "normal",
          },
        ]
      }
    >
      ï‚¡
    </Text>
  </View>
  <View
    style={
      Object {
        "alignSelf": "center",
        "backgroundColor": "transparent",
        "borderColor": "transparent",
        "borderTopColor": "black",
        "borderWidth": 4,
        "marginTop": -0.5,
      }
    }
  />
  <View
    style={
      Object {
        "alignSelf": "center",
        "backgroundColor": "transparent",
        "borderColor": "transparent",
        "borderTopColor": "#FF5A5F",
        "borderWidth": 4,
        "marginTop": -9,
      }
    }
  />
</View>
`;
