// Jest Snapshot v1, https://goo.gl/fbAQLP

exports[`renders correctly 1`] = `
<View
  style={
    Array [
      Object {
        "backgroundColor": "#EEE",
        "flex": 1,
        "flexDirection": "column",
        "justifyContent": "flex-start",
      },
    ]
  }
>
  <RCTScrollView
    data={
      Array [
        Object {
          "event": Object {
            "details": "event details",
            "id": 1,
            "name": "event name",
          },
          "id": 1,
          "sortKey": 0,
          "type": "new-event",
        },
        Object {
          "id": 1,
          "schedule": Object {
            "details": "schedule details",
            "endTime": 1524547114,
            "id": 1,
            "name": "schedule name",
            "startTime": 1524460714,
          },
          "sortKey": 1524460714,
          "type": "schedule",
        },
        Object {
          "event": Object {
            "details": "event details",
            "id": 1,
            "name": "event name",
          },
          "id": 1,
          "sortKey": 1,
          "type": "event",
        },
      ]
    }
    disableVirtualization={false}
    getItem={[Function]}
    getItemCount={[Function]}
    horizontal={false}
    initialNumToRender={10}
    invertStickyHeaders={undefined}
    keyExtractor={[Function]}
    maxToRenderPerBatch={10}
    numColumns={1}
    onContentSizeChange={[Function]}
    onEndReachedThreshold={2}
    onLayout={[Function]}
    onMomentumScrollEnd={[Function]}
    onRefresh={[Function]}
    onScroll={[Function]}
    onScrollBeginDrag={[Function]}
    onScrollEndDrag={[Function]}
    refreshControl={
      <RefreshControlMock
        onRefresh={[Function]}
        progressViewOffset={undefined}
        refreshing={false}
      />
    }
    refreshing={false}
    renderItem={[Function]}
    scrollEventThrottle={50}
    stickyHeaderIndices={Array []}
    updateCellsBatchingPeriod={50}
    viewabilityConfigCallbackPairs={Array []}
    windowSize={21}
  >
    <RCTRefreshControl />
    <View>
      <View
        onLayout={[Function]}
        style={null}
      >
        <View
          accessibilityComponentType={undefined}
          accessibilityLabel={undefined}
          accessibilityTraits={undefined}
          accessible={true}
          collapsable={undefined}
          hasTVPreferredFocus={undefined}
          hitSlop={undefined}
          isTVSelectable={true}
          nativeID={undefined}
          onLayout={undefined}
          onResponderGrant={[Function]}
          onResponderMove={[Function]}
          onResponderRelease={[Function]}
          onResponderTerminate={[Function]}
          onResponderTerminationRequest={[Function]}
          onStartShouldSetResponder={[Function]}
          style={
            Object {
              "opacity": 1,
            }
          }
          testID={undefined}
          tvParallaxProperties={undefined}
        >
          <View
            style={
              Array [
                Object {
                  "backgroundColor": "white",
                  "borderRadius": 2,
                  "elevation": 1,
                  "flexDirection": "row",
                  "justifyContent": "space-between",
                  "marginBottom": 0,
                  "marginLeft": 10,
                  "marginRight": 10,
                  "marginTop": 6,
                  "paddingBottom": 10,
                  "paddingLeft": 8,
                  "paddingRight": 8,
                  "paddingTop": 10,
                },
                Object {
                  "backgroundColor": "#FFDDDD",
                },
              ]
            }
          >
            <View
              style={
                Object {
                  "flex": 1,
                  "flexDirection": "column",
                }
              }
            >
              <Text
                accessible={true}
                allowFontScaling={true}
                ellipsizeMode="tail"
                numberOfLines={2}
                style={
                  Object {
                    "flex": 0,
                    "fontWeight": "bold",
                    "includeFontPadding": false,
                    "marginRight": 8,
                    "textAlignVertical": "top",
                  }
                }
              >
                event name
              </Text>
              <Text
                accessible={true}
                allowFontScaling={true}
                ellipsizeMode="tail"
                numberOfLines={3}
                style={
                  Object {
                    "color": "#6B6B6B",
                    "flex": 0,
                    "fontSize": 12,
                    "includeFontPadding": false,
                    "textAlignVertical": "bottom",
                  }
                }
              >
                event details
              </Text>
            </View>
            <View
              style={
                Object {
                  "alignItems": "center",
                  "flexDirection": "row",
                  "justifyContent": "center",
                  "paddingLeft": 8,
                  "width": 40,
                }
              }
            >
              <Text
                accessible={true}
                allowFontScaling={false}
                ellipsizeMode="tail"
                style={
                  Array [
                    Object {
                      "color": undefined,
                      "fontSize": 30,
                    },
                    Object {
                      "alignSelf": "center",
                    },
                    Object {
                      "fontFamily": "FontAwesome",
                      "fontStyle": "normal",
                      "fontWeight": "normal",
                    },
                  ]
                }
              >
                
              </Text>
            </View>
          </View>
        </View>
      </View>
      <View
        onLayout={[Function]}
        style={null}
      >
        <View
          accessibilityComponentType={undefined}
          accessibilityLabel={undefined}
          accessibilityTraits={undefined}
          accessible={true}
          collapsable={undefined}
          hasTVPreferredFocus={undefined}
          hitSlop={undefined}
          isTVSelectable={true}
          nativeID={undefined}
          onLayout={undefined}
          onResponderGrant={[Function]}
          onResponderMove={[Function]}
          onResponderRelease={[Function]}
          onResponderTerminate={[Function]}
          onResponderTerminationRequest={[Function]}
          onStartShouldSetResponder={[Function]}
          style={
            Object {
              "opacity": 1,
            }
          }
          testID={undefined}
          tvParallaxProperties={undefined}
        >
          <View
            style={
              Array [
                Object {
                  "backgroundColor": "white",
                  "borderRadius": 2,
                  "elevation": 1,
                  "flexDirection": "row",
                  "justifyContent": "space-between",
                  "marginBottom": 0,
                  "marginLeft": 10,
                  "marginRight": 10,
                  "marginTop": 6,
                  "paddingBottom": 10,
                  "paddingLeft": 8,
                  "paddingRight": 8,
                  "paddingTop": 10,
                },
              ]
            }
          >
            <View
              style={
                Object {
                  "flex": 1,
                  "flexDirection": "column",
                }
              }
            >
              <Text
                accessible={true}
                allowFontScaling={true}
                ellipsizeMode="tail"
                numberOfLines={1}
                style={
                  Object {
                    "flex": 0,
                    "fontWeight": "bold",
                    "includeFontPadding": false,
                    "marginRight": 8,
                    "textAlignVertical": "top",
                  }
                }
              >
                schedule name
              </Text>
              <Text
                accessible={true}
                allowFontScaling={true}
                ellipsizeMode="tail"
                numberOfLines={2}
                style={
                  Object {
                    "color": "#6B6B6B",
                    "flex": 0,
                    "fontSize": 12,
                    "includeFontPadding": false,
                    "textAlignVertical": "bottom",
                  }
                }
              >
                2018-04-23 to 2018-04-24
              </Text>
            </View>
            <View
              style={
                Object {
                  "alignItems": "center",
                  "flexDirection": "row",
                  "justifyContent": "center",
                  "paddingLeft": 8,
                  "width": 40,
                }
              }
            >
              <Text
                accessible={true}
                allowFontScaling={false}
                ellipsizeMode="tail"
                style={
                  Array [
                    Object {
                      "color": undefined,
                      "fontSize": 30,
                    },
                    Object {
                      "alignSelf": "center",
                    },
                    Object {
                      "fontFamily": "FontAwesome",
                      "fontStyle": "normal",
                      "fontWeight": "normal",
                    },
                  ]
                }
              >
                
              </Text>
            </View>
          </View>
        </View>
      </View>
      <View
        onLayout={[Function]}
        style={null}
      >
        <View
          accessibilityComponentType={undefined}
          accessibilityLabel={undefined}
          accessibilityTraits={undefined}
          accessible={true}
          collapsable={undefined}
          hasTVPreferredFocus={undefined}
          hitSlop={undefined}
          isTVSelectable={true}
          nativeID={undefined}
          onLayout={undefined}
          onResponderGrant={[Function]}
          onResponderMove={[Function]}
          onResponderRelease={[Function]}
          onResponderTerminate={[Function]}
          onResponderTerminationRequest={[Function]}
          onStartShouldSetResponder={[Function]}
          style={
            Object {
              "opacity": 1,
            }
          }
          testID={undefined}
          tvParallaxProperties={undefined}
        >
          <View
            style={
              Array [
                Object {
                  "backgroundColor": "white",
                  "borderRadius": 2,
                  "elevation": 1,
                  "flexDirection": "row",
                  "justifyContent": "space-between",
                  "marginBottom": 0,
                  "marginLeft": 10,
                  "marginRight": 10,
                  "marginTop": 6,
                  "paddingBottom": 10,
                  "paddingLeft": 8,
                  "paddingRight": 8,
                  "paddingTop": 10,
                },
              ]
            }
          >
            <View
              style={
                Object {
                  "flex": 1,
                  "flexDirection": "column",
                }
              }
            >
              <Text
                accessible={true}
                allowFontScaling={true}
                ellipsizeMode="tail"
                numberOfLines={1}
                style={
                  Object {
                    "flex": 0,
                    "fontWeight": "bold",
                    "includeFontPadding": false,
                    "marginRight": 8,
                    "textAlignVertical": "top",
                  }
                }
              >
                event name
              </Text>
              <Text
                accessible={true}
                allowFontScaling={true}
                ellipsizeMode="tail"
                numberOfLines={2}
                style={
                  Object {
                    "color": "#6B6B6B",
                    "flex": 0,
                    "fontSize": 12,
                    "includeFontPadding": false,
                    "textAlignVertical": "bottom",
                  }
                }
              >
                event details
              </Text>
            </View>
            <View
              style={
                Object {
                  "alignItems": "center",
                  "flexDirection": "row",
                  "justifyContent": "center",
                  "paddingLeft": 8,
                  "width": 40,
                }
              }
            >
              <Text
                accessible={true}
                allowFontScaling={false}
                ellipsizeMode="tail"
                style={
                  Array [
                    Object {
                      "color": undefined,
                      "fontSize": 30,
                    },
                    Object {
                      "alignSelf": "center",
                    },
                    Object {
                      "fontFamily": "FontAwesome",
                      "fontStyle": "normal",
                      "fontWeight": "normal",
                    },
                  ]
                }
              >
                
              </Text>
            </View>
          </View>
        </View>
      </View>
    </View>
  </RCTScrollView>
</View>
`;
