// Jest Snapshot v1, https://goo.gl/fbAQLP

exports[`schedule label 1`] = `"2018-04-23 to 2018-04-23"`;

exports[`schedule label 2`] = `"Ongoing"`;

exports[`schedule label 3`] = `"2018-04-23 to 1970-01-01"`;
