// Jest Snapshot v1, https://goo.gl/fbAQLP

exports[`renders correctly 1`] = `
<View
  style={
    Object {
      "backgroundColor": "transparent",
      "height": 0.5,
      "paddingTop": 10,
      "width": "100%",
    }
  }
/>
`;
