// Jest Snapshot v1, https://goo.gl/fbAQLP

exports[`renders correctly 1`] = `
<Text
  accessible={true}
  allowFontScaling={true}
  ellipsizeMode="tail"
  style={
    Array [
      Object {
        "color": "#6B6B6B",
        "fontSize": 16,
      },
      undefined,
      Object {},
    ]
  }
>
  Test
</Text>
`;
