// Jest Snapshot v1, https://goo.gl/fbAQLP

exports[`renders correctly 1`] = `
<View
  style={
    Object {
      "flexDirection": "row",
      "justifyContent": "space-between",
      "paddingBottom": 5,
      "paddingTop": 5,
    }
  }
>
  <View>
    <Text
      accessible={true}
      allowFontScaling={true}
      ellipsizeMode="tail"
      style={
        Object {
          "fontSize": 11,
          "fontWeight": "900",
          "paddingTop": 5,
        }
      }
    >
      TITLE
    </Text>
    <Text
      accessible={true}
      allowFontScaling={true}
      ellipsizeMode="tail"
      style={
        Object {
          "paddingBottom": 5,
        }
      }
    >
      description
    </Text>
  </View>
  <Text
    accessible={true}
    allowFontScaling={false}
    ellipsizeMode="tail"
    style={
      Array [
        Object {
          "color": "#EEE",
          "fontSize": 40,
        },
        undefined,
        Object {
          "fontFamily": "FontAwesome",
          "fontStyle": "normal",
          "fontWeight": "normal",
        },
      ]
    }
  >
    ï„…
  </Text>
</View>
`;
